// Jest Snapshot v1, https://goo.gl/fbAQLP

exports[`Theme should match snapshot 1`] = `null`;
